06:18:02,450 selenium.webdriver.remote.remote_connection DEBUG POST http://127.0.0.1:55044/session {"capabilities": {"alwaysMatch": {"goog:chromeOptions": {"args": [], "extensions": []}, "browserName": "chrome", "platformName": "any"}, "firstMatch": [{}]}, "desiredCapabilities": {"goog:chromeOptions": {"args": [], "extensions": []}, "platform": "ANY", "browserName": "chrome", "version": ""}}
06:18:02,451 urllib3.connectionpool DEBUG Starting new HTTP connection (1): 127.0.0.1:55044
06:18:04,576 urllib3.connectionpool DEBUG http://127.0.0.1:55044 "POST /session HTTP/1.1" 200 727
06:18:04,577 selenium.webdriver.remote.remote_connection DEBUG Finished Request
06:18:04,578 selenium.webdriver.remote.remote_connection DEBUG POST http://127.0.0.1:55044/session/dfdd3650317c709d76081f10b0e1f1c2/url {"url": "https://news.ycombinator.com"}
06:18:05,145 urllib3.connectionpool DEBUG http://127.0.0.1:55044 "POST /session/dfdd3650317c709d76081f10b0e1f1c2/url HTTP/1.1" 200 14
06:18:05,146 selenium.webdriver.remote.remote_connection DEBUG Finished Request
06:18:05,146 selenium.webdriver.remote.remote_connection DEBUG POST http://127.0.0.1:55044/session/dfdd3650317c709d76081f10b0e1f1c2/element {"using": "css selector", "value": "[name=\"q\"]"}
06:18:05,164 urllib3.connectionpool DEBUG http://127.0.0.1:55044 "POST /session/dfdd3650317c709d76081f10b0e1f1c2/element HTTP/1.1" 200 88
06:18:05,165 selenium.webdriver.remote.remote_connection DEBUG Finished Request
06:18:05,165 selenium.webdriver.remote.remote_connection DEBUG POST http://127.0.0.1:55044/session/dfdd3650317c709d76081f10b0e1f1c2/element/4d589f92-c9d8-40a5-8229-7bba7237f2e5/value {"text": "selenium", "id": "4d589f92-c9d8-40a5-8229-7bba7237f2e5", "value": ["s", "e", "l", "e", "n", "i", "u", "m"]}
06:18:05,317 urllib3.connectionpool DEBUG http://127.0.0.1:55044 "POST /session/dfdd3650317c709d76081f10b0e1f1c2/element/4d589f92-c9d8-40a5-8229-7bba7237f2e5/value HTTP/1.1" 200 14
06:18:05,318 selenium.webdriver.remote.remote_connection DEBUG Finished Request
06:18:05,319 selenium.webdriver.remote.remote_connection DEBUG POST http://127.0.0.1:55044/session/dfdd3650317c709d76081f10b0e1f1c2/element/4d589f92-c9d8-40a5-8229-7bba7237f2e5/value {"text": "\ue006", "id": "4d589f92-c9d8-40a5-8229-7bba7237f2e5", "value": ["\ue006"]}
06:18:06,387 urllib3.connectionpool DEBUG http://127.0.0.1:55044 "POST /session/dfdd3650317c709d76081f10b0e1f1c2/element/4d589f92-c9d8-40a5-8229-7bba7237f2e5/value HTTP/1.1" 200 14
06:18:06,388 selenium.webdriver.remote.remote_connection DEBUG Finished Request
06:18:09,391 selenium.webdriver.remote.remote_connection DEBUG GET http://127.0.0.1:55044/session/dfdd3650317c709d76081f10b0e1f1c2/source {}
06:18:09,402 urllib3.connectionpool DEBUG http://127.0.0.1:55044 "GET /session/dfdd3650317c709d76081f10b0e1f1c2/source HTTP/1.1" 200 50066
06:18:09,407 selenium.webdriver.remote.remote_connection DEBUG Finished Request
06:18:09,409 root INFO --- 4.83083415031 seconds ---
06:18:09,410 selenium.webdriver.remote.remote_connection DEBUG DELETE http://127.0.0.1:55044/session/dfdd3650317c709d76081f10b0e1f1c2 {}
06:18:09,476 urllib3.connectionpool DEBUG http://127.0.0.1:55044 "DELETE /session/dfdd3650317c709d76081f10b0e1f1c2 HTTP/1.1" 200 14
06:18:09,478 selenium.webdriver.remote.remote_connection DEBUG Finished Request
06:18:10,621 selenium.webdriver.remote.remote_connection DEBUG POST http://127.0.0.1:55088/session {"capabilities": {"alwaysMatch": {"goog:chromeOptions": {"args": [], "extensions": []}, "browserName": "chrome", "platformName": "any"}, "firstMatch": [{}]}, "desiredCapabilities": {"goog:chromeOptions": {"args": [], "extensions": []}, "platform": "ANY", "browserName": "chrome", "version": ""}}
06:18:10,622 urllib3.connectionpool DEBUG Starting new HTTP connection (1): 127.0.0.1:55088
06:18:12,640 urllib3.connectionpool DEBUG http://127.0.0.1:55088 "POST /session HTTP/1.1" 200 727
06:18:12,641 selenium.webdriver.remote.remote_connection DEBUG Finished Request
06:18:12,641 selenium.webdriver.remote.remote_connection DEBUG POST http://127.0.0.1:55088/session/9fde87731481306acbe1714ab6ab456d/url {"url": "https://news.ycombinator.com"}
06:18:13,227 urllib3.connectionpool DEBUG http://127.0.0.1:55088 "POST /session/9fde87731481306acbe1714ab6ab456d/url HTTP/1.1" 200 14
06:18:13,227 selenium.webdriver.remote.remote_connection DEBUG Finished Request
06:18:13,227 selenium.webdriver.remote.remote_connection DEBUG POST http://127.0.0.1:55088/session/9fde87731481306acbe1714ab6ab456d/element {"using": "css selector", "value": "[name=\"q\"]"}
06:18:13,246 urllib3.connectionpool DEBUG http://127.0.0.1:55088 "POST /session/9fde87731481306acbe1714ab6ab456d/element HTTP/1.1" 200 88
06:18:13,246 selenium.webdriver.remote.remote_connection DEBUG Finished Request
06:18:13,246 selenium.webdriver.remote.remote_connection DEBUG POST http://127.0.0.1:55088/session/9fde87731481306acbe1714ab6ab456d/element/1014eb51-9f57-4d10-9474-889f24fad21c/value {"text": "testdriven", "id": "1014eb51-9f57-4d10-9474-889f24fad21c", "value": ["t", "e", "s", "t", "d", "r", "i", "v", "e", "n"]}
06:18:13,430 urllib3.connectionpool DEBUG http://127.0.0.1:55088 "POST /session/9fde87731481306acbe1714ab6ab456d/element/1014eb51-9f57-4d10-9474-889f24fad21c/value HTTP/1.1" 200 14
06:18:13,431 selenium.webdriver.remote.remote_connection DEBUG Finished Request
06:18:13,431 selenium.webdriver.remote.remote_connection DEBUG POST http://127.0.0.1:55088/session/9fde87731481306acbe1714ab6ab456d/element/1014eb51-9f57-4d10-9474-889f24fad21c/value {"text": "\ue006", "id": "1014eb51-9f57-4d10-9474-889f24fad21c", "value": ["\ue006"]}
06:18:14,444 urllib3.connectionpool DEBUG http://127.0.0.1:55088 "POST /session/9fde87731481306acbe1714ab6ab456d/element/1014eb51-9f57-4d10-9474-889f24fad21c/value HTTP/1.1" 200 14
06:18:14,445 selenium.webdriver.remote.remote_connection DEBUG Finished Request
06:18:17,448 selenium.webdriver.remote.remote_connection DEBUG GET http://127.0.0.1:55088/session/9fde87731481306acbe1714ab6ab456d/source {}
06:18:17,460 urllib3.connectionpool DEBUG http://127.0.0.1:55088 "GET /session/9fde87731481306acbe1714ab6ab456d/source HTTP/1.1" 200 50877
06:18:17,461 selenium.webdriver.remote.remote_connection DEBUG Finished Request
06:18:17,461 root INFO --- 4.82049298286 seconds ---
06:18:17,462 selenium.webdriver.remote.remote_connection DEBUG DELETE http://127.0.0.1:55088/session/9fde87731481306acbe1714ab6ab456d {}
06:18:17,513 urllib3.connectionpool DEBUG http://127.0.0.1:55088 "DELETE /session/9fde87731481306acbe1714ab6ab456d HTTP/1.1" 200 14
06:18:17,514 selenium.webdriver.remote.remote_connection DEBUG Finished Request
06:18:18,585 selenium.webdriver.remote.remote_connection DEBUG POST http://127.0.0.1:55126/session {"capabilities": {"alwaysMatch": {"goog:chromeOptions": {"args": [], "extensions": []}, "browserName": "chrome", "platformName": "any"}, "firstMatch": [{}]}, "desiredCapabilities": {"goog:chromeOptions": {"args": [], "extensions": []}, "platform": "ANY", "browserName": "chrome", "version": ""}}
06:18:18,586 urllib3.connectionpool DEBUG Starting new HTTP connection (1): 127.0.0.1:55126
06:18:20,251 urllib3.connectionpool DEBUG http://127.0.0.1:55126 "POST /session HTTP/1.1" 200 727
06:18:20,252 selenium.webdriver.remote.remote_connection DEBUG Finished Request
06:18:20,253 selenium.webdriver.remote.remote_connection DEBUG POST http://127.0.0.1:55126/session/6018f71917ac1ee85e9f548a4c694583/url {"url": "https://news.ycombinator.com"}
06:18:20,865 urllib3.connectionpool DEBUG http://127.0.0.1:55126 "POST /session/6018f71917ac1ee85e9f548a4c694583/url HTTP/1.1" 200 14
06:18:20,866 selenium.webdriver.remote.remote_connection DEBUG Finished Request
06:18:20,867 selenium.webdriver.remote.remote_connection DEBUG POST http://127.0.0.1:55126/session/6018f71917ac1ee85e9f548a4c694583/element {"using": "css selector", "value": "[name=\"q\"]"}
06:18:20,884 urllib3.connectionpool DEBUG http://127.0.0.1:55126 "POST /session/6018f71917ac1ee85e9f548a4c694583/element HTTP/1.1" 200 88
06:18:20,884 selenium.webdriver.remote.remote_connection DEBUG Finished Request
06:18:20,885 selenium.webdriver.remote.remote_connection DEBUG POST http://127.0.0.1:55126/session/6018f71917ac1ee85e9f548a4c694583/element/358a699d-3625-4dd6-ba56-bdaffc7ad134/value {"text": "testdriven.io", "id": "358a699d-3625-4dd6-ba56-bdaffc7ad134", "value": ["t", "e", "s", "t", "d", "r", "i", "v", "e", "n", ".", "i", "o"]}
06:18:21,166 urllib3.connectionpool DEBUG http://127.0.0.1:55126 "POST /session/6018f71917ac1ee85e9f548a4c694583/element/358a699d-3625-4dd6-ba56-bdaffc7ad134/value HTTP/1.1" 200 14
06:18:21,167 selenium.webdriver.remote.remote_connection DEBUG Finished Request
06:18:21,167 selenium.webdriver.remote.remote_connection DEBUG POST http://127.0.0.1:55126/session/6018f71917ac1ee85e9f548a4c694583/element/358a699d-3625-4dd6-ba56-bdaffc7ad134/value {"text": "\ue006", "id": "358a699d-3625-4dd6-ba56-bdaffc7ad134", "value": ["\ue006"]}
06:18:22,109 urllib3.connectionpool DEBUG http://127.0.0.1:55126 "POST /session/6018f71917ac1ee85e9f548a4c694583/element/358a699d-3625-4dd6-ba56-bdaffc7ad134/value HTTP/1.1" 200 14
06:18:22,110 selenium.webdriver.remote.remote_connection DEBUG Finished Request
06:18:25,110 selenium.webdriver.remote.remote_connection DEBUG GET http://127.0.0.1:55126/session/6018f71917ac1ee85e9f548a4c694583/source {}
06:18:25,120 urllib3.connectionpool DEBUG http://127.0.0.1:55126 "GET /session/6018f71917ac1ee85e9f548a4c694583/source HTTP/1.1" 200 48765
06:18:25,121 selenium.webdriver.remote.remote_connection DEBUG Finished Request
06:18:25,122 root INFO --- 4.86901688576 seconds ---
06:18:25,122 selenium.webdriver.remote.remote_connection DEBUG DELETE http://127.0.0.1:55126/session/6018f71917ac1ee85e9f548a4c694583 {}
06:18:25,174 urllib3.connectionpool DEBUG http://127.0.0.1:55126 "DELETE /session/6018f71917ac1ee85e9f548a4c694583 HTTP/1.1" 200 14
06:18:25,175 selenium.webdriver.remote.remote_connection DEBUG Finished Request
06:18:26,236 selenium.webdriver.remote.remote_connection DEBUG POST http://127.0.0.1:55163/session {"capabilities": {"alwaysMatch": {"goog:chromeOptions": {"args": [], "extensions": []}, "browserName": "chrome", "platformName": "any"}, "firstMatch": [{}]}, "desiredCapabilities": {"goog:chromeOptions": {"args": [], "extensions": []}, "platform": "ANY", "browserName": "chrome", "version": ""}}
06:18:26,237 urllib3.connectionpool DEBUG Starting new HTTP connection (1): 127.0.0.1:55163
06:18:27,736 urllib3.connectionpool DEBUG http://127.0.0.1:55163 "POST /session HTTP/1.1" 200 727
06:18:27,737 selenium.webdriver.remote.remote_connection DEBUG Finished Request
06:18:27,738 selenium.webdriver.remote.remote_connection DEBUG POST http://127.0.0.1:55163/session/6e0863e3b11037097be9c6f9f0fe06f4/url {"url": "https://news.ycombinator.com"}
06:18:28,253 urllib3.connectionpool DEBUG http://127.0.0.1:55163 "POST /session/6e0863e3b11037097be9c6f9f0fe06f4/url HTTP/1.1" 200 14
06:18:28,254 selenium.webdriver.remote.remote_connection DEBUG Finished Request
06:18:28,254 selenium.webdriver.remote.remote_connection DEBUG POST http://127.0.0.1:55163/session/6e0863e3b11037097be9c6f9f0fe06f4/element {"using": "css selector", "value": "[name=\"q\"]"}
06:18:28,274 urllib3.connectionpool DEBUG http://127.0.0.1:55163 "POST /session/6e0863e3b11037097be9c6f9f0fe06f4/element HTTP/1.1" 200 88
06:18:28,275 selenium.webdriver.remote.remote_connection DEBUG Finished Request
06:18:28,275 selenium.webdriver.remote.remote_connection DEBUG POST http://127.0.0.1:55163/session/6e0863e3b11037097be9c6f9f0fe06f4/element/2e005e74-50c8-4abf-826e-4d4114e010bb/value {"text": "?*^^%", "id": "2e005e74-50c8-4abf-826e-4d4114e010bb", "value": ["?", "*", "^", "^", "%"]}
06:18:28,394 urllib3.connectionpool DEBUG http://127.0.0.1:55163 "POST /session/6e0863e3b11037097be9c6f9f0fe06f4/element/2e005e74-50c8-4abf-826e-4d4114e010bb/value HTTP/1.1" 200 14
06:18:28,395 selenium.webdriver.remote.remote_connection DEBUG Finished Request
06:18:28,395 selenium.webdriver.remote.remote_connection DEBUG POST http://127.0.0.1:55163/session/6e0863e3b11037097be9c6f9f0fe06f4/element/2e005e74-50c8-4abf-826e-4d4114e010bb/value {"text": "\ue006", "id": "2e005e74-50c8-4abf-826e-4d4114e010bb", "value": ["\ue006"]}
06:18:29,832 urllib3.connectionpool DEBUG http://127.0.0.1:55163 "POST /session/6e0863e3b11037097be9c6f9f0fe06f4/element/2e005e74-50c8-4abf-826e-4d4114e010bb/value HTTP/1.1" 200 14
06:18:29,832 selenium.webdriver.remote.remote_connection DEBUG Finished Request
06:18:32,836 selenium.webdriver.remote.remote_connection DEBUG GET http://127.0.0.1:55163/session/6e0863e3b11037097be9c6f9f0fe06f4/source {}
06:18:32,846 urllib3.connectionpool DEBUG http://127.0.0.1:55163 "GET /session/6e0863e3b11037097be9c6f9f0fe06f4/source HTTP/1.1" 200 51115
06:18:32,847 selenium.webdriver.remote.remote_connection DEBUG Finished Request
06:18:32,847 root INFO --- 5.10960197449 seconds ---
06:18:32,847 selenium.webdriver.remote.remote_connection DEBUG DELETE http://127.0.0.1:55163/session/6e0863e3b11037097be9c6f9f0fe06f4 {}
06:18:32,899 urllib3.connectionpool DEBUG http://127.0.0.1:55163 "DELETE /session/6e0863e3b11037097be9c6f9f0fe06f4 HTTP/1.1" 200 14
06:18:32,900 selenium.webdriver.remote.remote_connection DEBUG Finished Request
